../drivers/fsl_clock.h:1971:22:CLOCK_IsPLL0Locked	4	static
../drivers/fsl_clock.h:1979:22:CLOCK_IsPLL1Locked	4	static
../drivers/fsl_clock.c:145:10:CLOCK_SetupFROHFClocking	16	static
../drivers/fsl_clock.c:179:10:CLOCK_SetupExtClocking	24	static
../drivers/fsl_clock.c:253:10:CLOCK_SetupExtRefClocking	24	static
../drivers/fsl_clock.c:330:10:CLOCK_SetupOsc32KClocking	16	static
../drivers/fsl_clock.c:383:6:CLOCK_GetDefaultOsc32KConfig	16	static
../drivers/fsl_clock.c:404:10:CLOCK_SetupOsc32KClockingConfig	32	static
../drivers/fsl_clock.c:456:10:CLOCK_SetupClk16KClocking	16	static
../drivers/fsl_clock.c:474:10:CLOCK_FROHFTrimConfig	16	static
../drivers/fsl_clock.c:509:10:CLOCK_FRO12MTrimConfig	16	static
../drivers/fsl_clock.c:548:6:CLOCK_SetSysOscMonitorMode	24	static
../drivers/fsl_clock.c:567:6:CLOCK_SetRoscMonitorMode	24	static
../drivers/fsl_clock.c:586:6:CLOCK_SetUpllMonitorMode	24	static
../drivers/fsl_clock.c:605:6:CLOCK_SetPll0MonitorMode	24	static
../drivers/fsl_clock.c:624:6:CLOCK_SetPll1MonitorMode	24	static
../drivers/fsl_clock.c:642:10:CLOCK_SetFLASHAccessCyclesForFreq	24	static
../drivers/fsl_clock.c:728:6:VBAT_SetOscConfig	24	static
../drivers/fsl_clock.c:773:6:CLOCK_AttachClk	40	static
../drivers/fsl_clock.c:822:19:CLOCK_GetClockAttachId	48	static
../drivers/fsl_clock.c:871:6:CLOCK_SetClkDiv	24	static
../drivers/fsl_clock.c:895:10:CLOCK_GetClkDiv	24	static
../drivers/fsl_clock.c:920:6:CLOCK_HaltClkDiv	24	static
../drivers/fsl_clock.c:938:6:CLOCK_SetupClockCtrl	16	static
../drivers/fsl_clock.c:949:10:CLOCK_GetFreq	24	static
../drivers/fsl_clock.c:1038:10:CLOCK_GetCTimerClkFreq	24	static
../drivers/fsl_clock.c:1092:10:CLOCK_GetAdcClkFreq	24	static
../drivers/fsl_clock.c:1132:10:CLOCK_GetUsb0ClkFreq	16	static
../drivers/fsl_clock.c:1169:10:CLOCK_GetLPFlexCommClkFreq	24	static
../drivers/fsl_clock.c:1205:10:CLOCK_GetSctClkFreq	16	static
../drivers/fsl_clock.c:1244:10:CLOCK_GetTsiClkFreq	16	static
../drivers/fsl_clock.c:1268:10:CLOCK_GetSincFilterClkFreq	16	static
../drivers/fsl_clock.c:1303:10:CLOCK_GetDacClkFreq	24	static
../drivers/fsl_clock.c:1336:10:CLOCK_GetFlexspiClkFreq	16	static
../drivers/fsl_clock.c:1365:10:CLOCK_GetPll0OutFreq	32	static
../drivers/fsl_clock.c:1393:10:CLOCK_GetPll1OutFreq	32	static
../drivers/fsl_clock.c:1421:10:CLOCK_GetPllClkDivFreq	16	static
../drivers/fsl_clock.c:1448:10:CLOCK_GetExtUpllFreq	4	static
../drivers/fsl_clock.c:1462:6:CLOCK_SetExtUpllFreq	16	static
../drivers/fsl_clock.c:1471:10:CLOCK_GetI3cClkFreq	24	static
../drivers/fsl_clock.c:1507:10:CLOCK_GetI3cSTCClkFreq	24	static
../drivers/fsl_clock.c:1554:10:CLOCK_GetI3cSClkFreq	24	static
../drivers/fsl_clock.c:1579:10:CLOCK_GetMicfilClkFreq	16	static
../drivers/fsl_clock.c:1620:10:CLOCK_GetUsdhcClkFreq	16	static
../drivers/fsl_clock.c:1655:10:CLOCK_GetFlexioClkFreq	16	static
../drivers/fsl_clock.c:1690:10:CLOCK_GetFlexcanClkFreq	24	static
../drivers/fsl_clock.c:1726:10:CLOCK_GetEnetRmiiClkFreq	16	static
../drivers/fsl_clock.c:1753:10:CLOCK_GetEnetPtpRefClkFreq	16	static
../drivers/fsl_clock.c:1783:6:CLOCK_SetupEnetTxClk	16	static
../drivers/fsl_clock.c:1794:10:CLOCK_GetEnetTxClkFreq	4	static
../drivers/fsl_clock.c:1803:10:CLOCK_GetEwm0ClkFreq	16	static
../drivers/fsl_clock.c:1827:10:CLOCK_GetWdtClkFreq	24	static
../drivers/fsl_clock.c:1868:10:CLOCK_GetOstimerClkFreq	16	static
../drivers/fsl_clock.c:1895:10:CLOCK_GetCmpFClkFreq	24	static
../drivers/fsl_clock.c:1935:10:CLOCK_GetCmpRRClkFreq	24	static
../drivers/fsl_clock.c:1975:10:CLOCK_GetSaiClkFreq	24	static
../drivers/fsl_clock.c:2011:6:CLOCK_SetupSaiMclk	16	static
../drivers/fsl_clock.c:2022:6:CLOCK_SetupSaiTxBclk	16	static
../drivers/fsl_clock.c:2033:6:CLOCK_SetupSaiRxBclk	16	static
../drivers/fsl_clock.c:2044:10:CLOCK_GetSaiMclkFreq	16	static
../drivers/fsl_clock.c:2053:10:CLOCK_GetSaiTxBclkFreq	16	static
../drivers/fsl_clock.c:2062:10:CLOCK_GetSaiRxBclkFreq	16	static
../drivers/fsl_clock.c:2071:10:CLOCK_GetEmvsimClkFreq	24	static
../drivers/fsl_clock.c:2108:10:CLOCK_GetPLL0InClockRate	16	static
../drivers/fsl_clock.c:2132:10:CLOCK_GetPLL1InClockRate	16	static
../drivers/fsl_clock.c:2160:10:CLOCK_GetPLLOutFromSetup	40	static
../drivers/fsl_clock.c:2188:13:CLOCK_SetupPLLData	24	static
../drivers/fsl_clock.c:2239:13:CLOCK_SetPLL0Freq	40	static
../drivers/fsl_clock.c:2297:13:CLOCK_SetPLL1Freq	40	static
../drivers/fsl_clock.c:2347:6:CLOCK_EnableOstimer32kClock	4	static
../drivers/fsl_clock.c:2356:17:CLOCK_GetFro12MFreq	4	static
../drivers/fsl_clock.c:2365:17:CLOCK_GetClk1MFreq	4	static
../drivers/fsl_clock.c:2374:17:CLOCK_GetFroHfFreq	16	static
../drivers/fsl_clock.c:2398:17:CLOCK_GetClk48MFreq	4	static
../drivers/fsl_clock.c:2407:17:CLOCK_GetClk144MFreq	4	static
../drivers/fsl_clock.c:2416:17:CLOCK_GetClk16KFreq	16	static
../drivers/fsl_clock.c:2427:17:CLOCK_GetExtClkFreq	4	static
../drivers/fsl_clock.c:2436:17:CLOCK_GetOsc32KFreq	16	static
../drivers/fsl_clock.c:2447:10:CLOCK_GetMainClkFreq	16	static
../drivers/fsl_clock.c:2486:10:CLOCK_GetCoreSysClkFreq	16	static
../drivers/fsl_clock.c:2499:17:CLOCK_GetSystickClkFreq	24	static
../drivers/fsl_clock.c:2526:17:CLOCK_GetClockOutClkFreq	16	static
../drivers/fsl_clock.c:2567:17:CLOCK_GetLposcFreq	16	static
../drivers/fsl_clock.c:2588:13:pllFindSel	32	static
../drivers/fsl_clock.c:2632:17:findPll0PreDiv	16	static
../drivers/fsl_clock.c:2649:17:findPll1PreDiv	16	static
../drivers/fsl_clock.c:2666:17:findPll0PostDiv	16	static
../drivers/fsl_clock.c:2690:17:findPll1PostDiv	16	static
../drivers/fsl_clock.c:2714:14:findPll0MMult	24	static
../drivers/fsl_clock.c:2740:14:findPll1MMult	24	static
../drivers/fsl_clock.c:2766:17:FindGreatestCommonDivisor	24	static
../drivers/fsl_clock.c:2792:20:CLOCK_GetPllConfig	32	static
../drivers/fsl_clock.c:2847:20:CLOCK_GetPllConfigInternal	128	static
../drivers/fsl_clock.c:3004:17:CLOCK_GetPLLInClockRateFromSetup	24	static
../drivers/fsl_clock.c:3028:17:findPllPreDivFromSetup	24	static
../drivers/fsl_clock.c:3045:17:findPllPostDivFromSetup	24	static
../drivers/fsl_clock.c:3069:14:findPllMMultFromSetup	32	static
../drivers/fsl_clock.c:3097:6:CLOCK_EnableUsbfsClock	8	static
../drivers/fsl_clock.c:3118:6:CLOCK_EnableUsbhsPhyPllClock	24	static
../drivers/fsl_clock.c:3206:6:CLOCK_DisableUsbhsPhyPllClock	4	static
../drivers/fsl_clock.c:3215:6:CLOCK_EnableUsbhsClock	16	static
../drivers/fsl_clock.c:3230:10:CLOCK_FIRCAutoTrimWithSOF	16	static
