D:/Productivity/NXP/MCUXpressoIDE_25.6.136/ide/plugins/com.nxp.mcuxpresso.tools.win32_25.6.0.202501151204/tools/arm-none-eabi/include/c++/14.2.1/arm-none-eabi/thumb/v8-m.main+fp/hard/bits/gthr-default.h:229:1:int __gthread_key_delete(__gthread_key_t)	16	static
D:\Productivity\NXP\config\frdmmcxn947_tflm_cifar10_cm33_core0\eiq\tensorflow-lite\third_party\flatbuffers\include/flatbuffers/buffer.h:55:13:void flatbuffers::EndianCheck()	16	static
D:\Productivity\NXP\config\frdmmcxn947_tflm_cifar10_cm33_core0\eiq\tensorflow-lite\third_party\flatbuffers\include/flatbuffers/table.h:29:18:const uint8_t* flatbuffers::Table::GetVTable() const	24	static
D:\Productivity\NXP\config\frdmmcxn947_tflm_cifar10_cm33_core0\eiq\tensorflow-lite\third_party\flatbuffers\include/flatbuffers/table.h:35:13:flatbuffers::voffset_t flatbuffers::Table::GetOptionalFieldOffset(flatbuffers::voffset_t) const	24	static
D:\Productivity\NXP\config\frdmmcxn947_tflm_cifar10_cm33_core0\eiq\tensorflow-lite/tensorflow/lite/schema/schema_generated.h:16807:12:uint32_t tflite::Model::version() const	16	static
D:\Productivity\NXP\config\frdmmcxn947_tflm_cifar10_cm33_core0\eiq\tensorflow-lite/tensorflow/lite/schema/schema_generated.h:25245:29:const tflite::Model* tflite::GetModel(const void*)	16	static
D:\Productivity\NXP\config\frdmmcxn947_tflm_cifar10_cm33_core0\eiq\tensorflow-lite/tensorflow/lite/micro/micro_interpreter.h:146:10:size_t tflite::MicroInterpreter::arena_used_bytes() const	16	static
../source/model.cpp:43:10:status_t MODEL_Init()	32	static
../source/model.cpp:94:10:status_t MODEL_RunInference()	8	static
../source/model.cpp:105:10:uint8_t* GetTensorData(TfLiteTensor*, tensor_dims_t*, tensor_type_t*)	32	static
../source/model.cpp:132:10:uint8_t* MODEL_GetInputTensorData(tensor_dims_t*, tensor_type_t*)	24	static
../source/model.cpp:139:10:uint8_t* MODEL_GetOutputTensorData(tensor_dims_t*, tensor_type_t*)	24	static
../source/model.cpp:147:6:void MODEL_ConvertInput(uint8_t*, tensor_dims_t*, tensor_type_t)	40	static
../source/model.cpp:173:13:const char* MODEL_GetModelName()	4	static
D:\Productivity\NXP\config\frdmmcxn947_tflm_cifar10_cm33_core0\eiq\tensorflow-lite\third_party\flatbuffers\include/flatbuffers/base.h:425:24:T flatbuffers::EndianScalar(T) [with T = long unsigned int]	16	static
D:\Productivity\NXP\config\frdmmcxn947_tflm_cifar10_cm33_core0\eiq\tensorflow-lite\third_party\flatbuffers\include/flatbuffers/base.h:436:3:T flatbuffers::ReadScalar(const void*) [with T = long int]	16	static
D:\Productivity\NXP\config\frdmmcxn947_tflm_cifar10_cm33_core0\eiq\tensorflow-lite\third_party\flatbuffers\include/flatbuffers/base.h:436:3:T flatbuffers::ReadScalar(const void*) [with T = short unsigned int]	16	static
D:\Productivity\NXP\config\frdmmcxn947_tflm_cifar10_cm33_core0\eiq\tensorflow-lite\third_party\flatbuffers\include/flatbuffers/base.h:436:3:T flatbuffers::ReadScalar(const void*) [with T = long unsigned int]	16	static
D:\Productivity\NXP\config\frdmmcxn947_tflm_cifar10_cm33_core0\eiq\tensorflow-lite\third_party\flatbuffers\include/flatbuffers/table.h:45:26:T flatbuffers::Table::GetField(flatbuffers::voffset_t, T) const [with T = long unsigned int]	32	static
D:\Productivity\NXP\config\frdmmcxn947_tflm_cifar10_cm33_core0\eiq\tensorflow-lite\third_party\flatbuffers\include/flatbuffers/buffer.h:188:31:const T* flatbuffers::GetRoot(const void*) [with T = tflite::Model]	16	static
D:\Productivity\NXP\config\frdmmcxn947_tflm_cifar10_cm33_core0\eiq\tensorflow-lite\third_party\flatbuffers\include/flatbuffers/base.h:425:24:T flatbuffers::EndianScalar(T) [with T = long int]	16	static
D:\Productivity\NXP\config\frdmmcxn947_tflm_cifar10_cm33_core0\eiq\tensorflow-lite\third_party\flatbuffers\include/flatbuffers/base.h:425:24:T flatbuffers::EndianScalar(T) [with T = short unsigned int]	16	static
D:\Productivity\NXP\config\frdmmcxn947_tflm_cifar10_cm33_core0\eiq\tensorflow-lite\third_party\flatbuffers\include/flatbuffers/buffer.h:175:25:T* flatbuffers::GetMutableRoot(void*) [with T = tflite::Model]	16	static
