D:/Productivity/NXP/MCUXpressoIDE_25.6.136/ide/plugins/com.nxp.mcuxpresso.tools.win32_25.6.0.202501151204/tools/arm-none-eabi/include/c++/14.2.1/arm-none-eabi/thumb/v8-m.main+fp/hard/bits/gthr-default.h:229:1:int __gthread_key_delete(__gthread_key_t)	16	static
D:\Productivity\NXP\config\frdmmcxn947_tflm_cifar10_cm33_core0\eiq\tensorflow-lite/tensorflow/lite/micro/micro_op_resolver.h:50:11:tflite::MicroOpResolver::~MicroOpResolver()	16	static
D:\Productivity\NXP\config\frdmmcxn947_tflm_cifar10_cm33_core0\eiq\tensorflow-lite/tensorflow/lite/micro/micro_op_resolver.h:50:11:virtual tflite::MicroOpResolver::~MicroOpResolver()	16	static
D:\Productivity\NXP\config\frdmmcxn947_tflm_cifar10_cm33_core0\eiq\tensorflow-lite/tensorflow/lite/micro/micro_mutable_op_resolver.h:49:7:tflite::MicroMutableOpResolver<5>::~MicroMutableOpResolver()	16	static
D:\Productivity\NXP\config\frdmmcxn947_tflm_cifar10_cm33_core0\eiq\tensorflow-lite/tensorflow/lite/micro/micro_mutable_op_resolver.h:49:7:virtual tflite::MicroMutableOpResolver<5>::~MicroMutableOpResolver()	16	static
../source/model_cifarnet_ops_npu.cpp:12:26:tflite::MicroOpResolver& MODEL_GetOpsResolver()	48	static
D:\Productivity\NXP\config\frdmmcxn947_tflm_cifar10_cm33_core0\eiq\tensorflow-lite/tensorflow/lite/micro/micro_op_resolver.h:34:7:constexpr tflite::MicroOpResolver::MicroOpResolver()	16	static
D:\Productivity\NXP\config\frdmmcxn947_tflm_cifar10_cm33_core0\eiq\tensorflow-lite/tensorflow/lite/micro/micro_mutable_op_resolver.h:53:12:tflite::MicroMutableOpResolver<tOpCount>::MicroMutableOpResolver() [with unsigned int tOpCount = 5]	16	static
D:\Productivity\NXP\config\frdmmcxn947_tflm_cifar10_cm33_core0\eiq\tensorflow-lite/tensorflow/lite/micro/micro_mutable_op_resolver.h:51:3:static void tflite::MicroMutableOpResolver<tOpCount>::operator delete(void*) [with unsigned int tOpCount = 5]	16	static
D:\Productivity\NXP\config\frdmmcxn947_tflm_cifar10_cm33_core0\eiq\tensorflow-lite/tensorflow/lite/micro/micro_mutable_op_resolver.h:512:16:TfLiteStatus tflite::MicroMutableOpResolver<tOpCount>::AddReshape() [with unsigned int tOpCount = 5]	48	static
D:\Productivity\NXP\config\frdmmcxn947_tflm_cifar10_cm33_core0\eiq\tensorflow-lite/tensorflow/lite/micro/micro_mutable_op_resolver.h:555:16:TfLiteStatus tflite::MicroMutableOpResolver<tOpCount>::AddSlice() [with unsigned int tOpCount = 5]	48	static
D:\Productivity\NXP\config\frdmmcxn947_tflm_cifar10_cm33_core0\eiq\tensorflow-lite/tensorflow/lite/micro/micro_mutable_op_resolver.h:559:16:TfLiteStatus tflite::MicroMutableOpResolver<tOpCount>::AddSoftmax(const TFLMRegistration&) [with unsigned int tOpCount = 5]	16	static
D:\Productivity\NXP\config\frdmmcxn947_tflm_cifar10_cm33_core0\eiq\tensorflow-lite/tensorflow/lite/micro/micro_mutable_op_resolver.h:225:16:TfLiteStatus tflite::MicroMutableOpResolver<tOpCount>::AddDequantize() [with unsigned int tOpCount = 5]	48	static
D:\Productivity\NXP\config\frdmmcxn947_tflm_cifar10_cm33_core0\eiq\tensorflow-lite/tensorflow/lite/micro/micro_mutable_op_resolver.h:93:16:TfLiteStatus tflite::MicroMutableOpResolver<tOpCount>::AddCustom(const char*, const TFLMRegistration*) [with unsigned int tOpCount = 5]	40	static
D:\Productivity\NXP\config\frdmmcxn947_tflm_cifar10_cm33_core0\eiq\tensorflow-lite/tensorflow/lite/micro/micro_mutable_op_resolver.h:671:16:TfLiteStatus tflite::MicroMutableOpResolver<tOpCount>::AddBuiltin(tflite::BuiltinOperator, const TFLMRegistration&, tflite::TfLiteBridgeBuiltinParseFunction) [with unsigned int tOpCount = 5]	32	static
D:\Productivity\NXP\config\frdmmcxn947_tflm_cifar10_cm33_core0\eiq\tensorflow-lite/tensorflow/lite/micro/micro_mutable_op_resolver.h:67:27:const TFLMRegistration* tflite::MicroMutableOpResolver<tOpCount>::FindOp(const char*) const [with unsigned int tOpCount = 5]	24	static
D:\Productivity\NXP\config\frdmmcxn947_tflm_cifar10_cm33_core0\eiq\tensorflow-lite/tensorflow/lite/micro/micro_mutable_op_resolver.h:55:27:const TFLMRegistration* tflite::MicroMutableOpResolver<tOpCount>::FindOp(tflite::BuiltinOperator) const [with unsigned int tOpCount = 5]	24	static
D:\Productivity\NXP\config\frdmmcxn947_tflm_cifar10_cm33_core0\eiq\tensorflow-lite/tensorflow/lite/micro/micro_mutable_op_resolver.h:78:36:TfLiteStatus (* tflite::MicroMutableOpResolver<tOpCount>::GetOpDataParser(tflite::BuiltinOperator) const)(const tflite::Operator*, tflite::ErrorReporter*, tflite::BuiltinDataAllocator*, void**) [with unsigned int tOpCount = 5]	24	static
