D:/Productivity/NXP/MCUXpressoIDE_25.6.136/ide/plugins/com.nxp.mcuxpresso.tools.win32_25.6.0.202501151204/tools/arm-none-eabi/include/c++/14.2.1/arm-none-eabi/thumb/v8-m.main+fp/hard/bits/gthr-default.h:229:1:int __gthread_key_delete(__gthread_key_t)	16	static
D:\Productivity\NXP\config\frdmmcxn947_tflm_cifar10_cm33_core0\eiq\tensorflow-lite/tensorflow/lite/micro/micro_context.h:174:22:tflite::MicroContext* tflite::GetMicroContext(const TfLiteContext*)	16	static
../eiq/tensorflow-lite/tensorflow/lite/micro/kernels/neutron/neutron.cpp:69:7:void* tflite::{anonymous}::Init(TfLiteContext*, const char*, size_t)	32	static
../eiq/tensorflow-lite/tensorflow/lite/micro/kernels/neutron/neutron.cpp:83:14:TfLiteStatus tflite::{anonymous}::Prepare(TfLiteContext*, TfLiteNode*)	64	static
../eiq/tensorflow-lite/tensorflow/lite/micro/kernels/neutron/neutron.cpp:143:14:TfLiteStatus tflite::{anonymous}::Eval(TfLiteContext*, TfLiteNode*)	48	static
../eiq/tensorflow-lite/tensorflow/lite/micro/kernels/neutron/neutron.cpp:191:6:void tflite::{anonymous}::Free(TfLiteContext*, void*)	24	static
../eiq/tensorflow-lite/tensorflow/lite/micro/kernels/neutron/neutron.cpp:214:19:TFLMRegistration* tflite::Register_NEUTRON_GRAPH()	16	static
../eiq/tensorflow-lite/tensorflow/lite/micro/kernels/neutron/neutron.cpp:220:13:const char* tflite::GetString_NEUTRON_GRAPH()	4	static
